<html>
<body>
<pre>
<h1>µVision Build Log</h1>
<h2>Project:</h2>
C:\Users\hanh\Documents\Iot\MACHTHU_NRF24L01New\MDK-ARM\MACHTHU_NRF24L01New.uvprojx
Project File Date:  07/16/2017

<h2>Output:</h2>
Rebuild target 'MACHTHU_NRF24L01New'
compiling stm32f1xx_hal_dma.c...
compiling stm32f1xx_hal_rcc.c...
compiling stm32f1xx_hal_uart.c...
compiling stm32f1xx_hal_rcc_ex.c...
compiling stm32f1xx_hal_cortex.c...
compiling stm32f1xx_hal_gpio.c...
compiling stm32f1xx_hal_flash_ex.c...
compiling stm32f1xx_hal_gpio_ex.c...
compiling stm32f1xx_hal.c...
compiling stm32f1xx_hal_flash.c...
compiling stm32f1xx_hal_tim.c...
compiling stm32f1xx_hal_pwr.c...
compiling stm32f1xx_hal_tim_ex.c...
compiling main.c...
../Src/main.c(142): warning:  #223-D: function "memset" declared implicitly
                        memset(CTR_RXBUFF,0x00,32);
../Src/main.c: 1 warning, 0 errors
compiling stm32f1xx_it.c...
compiling stm32f1xx_hal_msp.c...
compiling CTR_nrf24l01.c...
assembling startup_stm32f103xb.s...
compiling system_stm32f1xx.c...
linking...
Program Size: Code=5804 RO-data=292 RW-data=24 ZI-data=1120  
"MACHTHU_NRF24L01New\MACHTHU_NRF24L01New.axf" - 0 Error(s), 1 Warning(s).

<h2>Software Packages used:</h2>

Package Vendor: ARM
                http://www.keil.com/pack/ARM.CMSIS.4.1.0.pack
                ARM::CMSIS:CORE:3.30.0
                CMSIS (Cortex Microcontroller Software Interface Standard)
   * Component: CORE Version: 3.30.0

<h2>Collection of Component include folders:</h2>
  C:\Users\hanh\Documents\Iot\MACHTHU_NRF24L01New\MDK-ARM\RTE
  C:\Keil_v5\ARM\PACK\ARM\CMSIS\4.1.0\CMSIS\Include
  C:\Keil_v5\ARM\PACK\Keil\STM32F1xx_DFP\1.1.0\Device\Include

<h2>Collection of Component Files used:</h2>

   * Component: ARM::CMSIS:CORE:3.30.0
      Source file:   CMSIS\UserCodeTemplates\ARM\ITM_Retarget.c
Load "MACHTHU_NRF24L01New\\MACHTHU_NRF24L01New.axf" 
Error: Flash Download failed  -  Target DLL has been cancelled
Load "MACHTHU_NRF24L01New\\MACHTHU_NRF24L01New.axf" 
Error: Flash Download failed  -  Target DLL has been cancelled
Load "MACHTHU_NRF24L01New\\MACHTHU_NRF24L01New.axf" 
Erase Done.
Programming Done.
Verify OK.
Load "MACHTHU_NRF24L01New\\MACHTHU_NRF24L01New.axf" 
Erase Done.
Programming Done.
Verify OK.
Application running ...
</pre>
</body>
</html>
 (declared at line 50 of "../Inc/main.h")
  #define NRF_CE_GPIO_Port GPIOB
../Inc/CTR_nrf24l01.h(11): warning:  #47-D: incompatible redefinition of macro "NRF_CSN_GPIO_Port" (declared at line 52 of "../Inc/main.h")
  #define NRF_CSN_GPIO_Port GPIOB
../Inc/CTR_nrf24l01.h(12): warning:  #47-D: incompatible redefinition of macro "NRF_SCK_Pin" (declared at line 53 of "../Inc/main.h")
  #define NRF_SCK_Pin GPIO_PIN_10
../Inc/CTR_nrf24l01.h(13): warning:  #47-D: incompatible redefinition of macro "NRF_SCK_GPIO_Port" (declared at line 54 of "../Inc/main.h")
  #define NRF_SCK_GPIO_Port GPIOB
../Inc/CTR_nrf24l01.h(14): warning:  #47-D: incompatible redefinition of macro "NRF_MOSI_Pin" (declared at line 55 of "../Inc/main.h")
  #define NRF_MOSI_Pin GPIO_PIN_11
../Inc/CTR_nrf24l01.h(15): warning:  #47-D: incompatible redefinition of macro "NRF_MOSI_GPIO_Port" (declared at line 56 of "../Inc/main.h")
  #define NRF_MOSI_GPIO_Port GPIOB
..\Src\CTR_nrf24l01.c: 7 warnings, 0 errors
assembling startup_stm32f103xb.s...
compiling system_stm32f1xx.c...
linking...
Program Size: Code=5772 RO-data=292 RW-data=24 ZI-data=1120  
"MACHTHU_NRF24L01New\MACHTHU_NRF24L01New.axf" - 0 Error(s), 14 Warning(s).

<h2>Software Packages used:</h2>

Package Vendor: ARM
                http://www.keil.com/pack/ARM.CMSIS.4.1.0.pack
                ARM::CMSIS:CORE:3.30.0
                CMSIS (Cortex Microcontroller Software Interface Standard)
   * Component: CORE Version: 3.30.0

<h2>Collection of Component include folders:</h2>
  C:\Users\hanh\Documents\Iot\MACHTHU_NRF24L01New\MDK-ARM\RTE
  C:\Keil_v5\ARM\PACK\ARM\CMSIS\4.1.0\CMSIS\Include
  C:\Keil_v5\ARM\PACK\Keil\STM32F1xx_DFP\1.1.0\Device\Include

<h2>Collection of Component Files used:</h2>

   * Component: ARM::CMSIS:CORE:3.30.0
      Source file:   CMSIS\UserCodeTemplates\ARM\ITM_Retarget.c
